
> app@0.1.0 build
> next build

Γû▓ Next.js 16.1.3 (Turbopack)
- Environments: .env.local

npm : ΓÜá The "middleware" file convention is 
deprecated. Please use "proxy" instead. Learn more: 
https://nextjs.org/docs/messages/middleware-to-proxy
At line:1 char:1
+ npm run build > build_error.log 2>&1
+ ~~~~~~~~~~~~~~~~~~~~~~~~~~~~~~~~~~~~
    + CategoryInfo          : NotSpecified: (ΓÜá The " 
   middle...leware-to-proxy:String) [], RemoteExcepti  
  on
    + FullyQualifiedErrorId : NativeCommandError
 
  Creating an optimized production build ...
Γ£ô Compiled successfully in 11.3s
  Running TypeScript ...
Failed to compile.

./utils/stripe.ts:8:5
Type error: Type '"2025-01-27.acacia"' is not 
assignable to type '"2025-12-15.clover"'.

[0m [90m  6 |[39m
 [90m  7 |[39m [36mexport[39m [36mconst[39m 
stripe [33m=[39m [36mnew[39m [33mStripe[39m(proce
ss[33m.[39menv[33m.[39m[33mSTRIPE_SECRET_KEY[39m
[33m,[39m {
[31m[1m>[22m[39m[90m  8 |[39m     
apiVersion[33m:[39m 
[32m'2025-01-27.acacia'[39m[33m,[39m [90m// Use 
latest API version compatible with the SDK[39m
 [90m    |[39m     [31m[1m^[22m[39m
 [90m  9 |[39m     typescript[33m:[39m 
[36mtrue[39m[33m,[39m
 [90m 10 |[39m })[33m;[39m
 [90m 11 |[39m[0m
Next.js build worker exited with code: 1 and signal: 
null
